Using device: cuda
Using device: cuda
  epoch     0  loss 9.7674e-01  data 9.7674e-01  phys 0.0000e+00  val 9.8255e-01  lr 1.0e-03
  epoch   200  loss 1.2819e-02  data 1.1497e-02  phys 2.6433e-01  val 1.1078e-02  lr 1.0e-03
  epoch   400  loss 3.4377e-03  data 2.5428e-03  phys 8.9496e-02  val 2.4800e-03  lr 1.0e-03
  epoch   600  loss 2.2142e-03  data 1.3274e-03  phys 5.9123e-02  val 1.3442e-03  lr 1.0e-03
  epoch   800  loss 1.7056e-03  data 1.1391e-03  phys 2.8326e-02  val 9.8212e-04  lr 1.0e-03
  epoch  1000  loss 1.4610e-03  data 7.7248e-04  phys 2.7539e-02  val 8.3473e-04  lr 1.0e-03
  epoch  1200  loss 1.3441e-03  data 6.9408e-04  phys 2.1668e-02  val 7.0605e-04  lr 1.0e-03
  epoch  1400  loss 1.2170e-03  data 5.6718e-04  phys 1.8565e-02  val 6.0212e-04  lr 1.0e-03
  epoch  1600  loss 1.1207e-03  data 5.4485e-04  phys 1.4397e-02  val 5.7999e-04  lr 1.0e-03
  epoch  1800  loss 1.5290e-03  data 6.1801e-04  phys 2.0243e-02  val 5.9797e-04  lr 1.0e-03
  epoch  2000  loss 1.1442e-03  data 6.0394e-04  phys 1.0806e-02  val 4.9365e-04  lr 1.0e-03
  epoch  2200  loss 1.2890e-03  data 5.3132e-04  phys 1.5154e-02  val 5.2108e-04  lr 1.0e-03
  epoch  2400  loss 1.0843e-03  data 4.7284e-04  phys 1.2229e-02  val 4.7881e-04  lr 1.0e-03
  epoch  2600  loss 1.3333e-03  data 6.2248e-04  phys 1.4216e-02  val 4.5453e-04  lr 1.0e-03
  epoch  2800  loss 8.1629e-04  data 4.2211e-04  phys 7.8836e-03  val 4.7726e-04  lr 1.0e-03
  epoch  3000  loss 7.7184e-04  data 3.6929e-04  phys 8.0510e-03  val 4.4008e-04  lr 1.0e-03
  epoch  3200  loss 7.6491e-04  data 3.3998e-04  phys 8.4985e-03  val 4.0667e-04  lr 1.0e-03
  epoch  3400  loss 9.2807e-04  data 3.7408e-04  phys 1.1080e-02  val 4.2018e-04  lr 1.0e-03
  epoch  3600  loss 7.9922e-04  data 3.5920e-04  phys 8.8006e-03  val 3.6060e-04  lr 1.0e-03
  epoch  3800  loss 8.6509e-04  data 4.1707e-04  phys 8.9603e-03  val 3.6681e-04  lr 1.0e-03
  epoch  4000  loss 7.1588e-04  data 3.6163e-04  phys 7.0851e-03  val 3.4351e-04  lr 1.0e-03
  epoch  4200  loss 7.5262e-04  data 3.3549e-04  phys 8.3427e-03  val 3.3396e-04  lr 1.0e-03
  epoch  4400  loss 7.8243e-04  data 4.5674e-04  phys 6.5137e-03  val 3.5219e-04  lr 1.0e-03
  epoch  4600  loss 7.0845e-04  data 3.3122e-04  phys 7.5447e-03  val 3.0890e-04  lr 1.0e-03
  epoch  4800  loss 8.0182e-04  data 3.6292e-04  phys 8.7779e-03  val 3.2408e-04  lr 1.0e-03
  epoch  5000  loss 5.7687e-04  data 2.5459e-04  phys 6.4456e-03  val 3.0174e-04  lr 1.0e-03
  epoch  5200  loss 6.8459e-04  data 2.9991e-04  phys 7.6936e-03  val 3.0615e-04  lr 1.0e-03
  epoch  5400  loss 8.9759e-04  data 3.3024e-04  phys 1.1347e-02  val 3.0236e-04  lr 1.0e-03
  epoch  5600  loss 7.4905e-04  data 2.9769e-04  phys 9.0272e-03  val 2.9647e-04  lr 1.0e-03
  epoch  5800  loss 6.1874e-04  data 3.0872e-04  phys 6.2004e-03  val 2.8554e-04  lr 1.0e-03
  epoch  6000  loss 6.2286e-04  data 3.0617e-04  phys 6.3338e-03  val 2.5642e-04  lr 1.0e-03
  epoch  6200  loss 5.8266e-04  data 2.9762e-04  phys 5.7008e-03  val 2.6436e-04  lr 1.0e-03
  epoch  6400  loss 5.2128e-04  data 2.9978e-04  phys 4.4299e-03  val 2.2958e-04  lr 1.0e-03
  epoch  6600  loss 5.7444e-04  data 2.7300e-04  phys 6.0289e-03  val 2.5858e-04  lr 1.0e-03
  epoch  6800  loss 6.1236e-04  data 3.0162e-04  phys 6.2149e-03  val 2.7805e-04  lr 1.0e-03
  epoch  7000  loss 5.8219e-04  data 3.3843e-04  phys 4.8752e-03  val 2.5943e-04  lr 1.0e-03
  epoch  7200  loss 4.6373e-04  data 2.6963e-04  phys 3.8820e-03  val 2.4479e-04  lr 1.0e-03
  epoch  7400  loss 5.5186e-04  data 2.7851e-04  phys 5.4670e-03  val 2.4547e-04  lr 1.0e-03
  epoch  7600  loss 4.9126e-04  data 2.3298e-04  phys 5.1657e-03  val 2.5447e-04  lr 1.0e-03
  epoch  7800  loss 6.0247e-04  data 2.2548e-04  phys 7.5400e-03  val 2.5645e-04  lr 1.0e-03
  epoch  8000  loss 4.7361e-04  data 1.9547e-04  phys 5.5628e-03  val 2.1405e-04  lr 1.0e-03
  epoch  8200  loss 4.2174e-04  data 2.3982e-04  phys 3.6384e-03  val 2.1855e-04  lr 1.0e-03
  epoch  8400  loss 4.6046e-04  data 2.3830e-04  phys 4.4433e-03  val 2.3638e-04  lr 1.0e-03
  epoch  8600  loss 5.4445e-04  data 2.2857e-04  phys 6.3176e-03  val 2.1539e-04  lr 1.0e-03
  epoch  8800  loss 4.8130e-04  data 2.5401e-04  phys 4.5458e-03  val 2.3452e-04  lr 1.0e-03
  epoch  9000  loss 5.4681e-04  data 2.2341e-04  phys 6.4679e-03  val 2.2271e-04  lr 1.0e-03
  epoch  9200  loss 5.2009e-04  data 2.6514e-04  phys 5.0990e-03  val 2.3683e-04  lr 1.0e-03
  epoch  9400  loss 4.1806e-04  data 2.0300e-04  phys 4.3010e-03  val 2.0237e-04  lr 1.0e-03
  epoch  9600  loss 6.6881e-04  data 2.3647e-04  phys 8.6467e-03  val 2.2226e-04  lr 1.0e-03
  epoch  9800  loss 5.2496e-04  data 2.2456e-04  phys 6.0080e-03  val 2.1164e-04  lr 1.0e-03
  epoch 10000  loss 5.1109e-04  data 2.2125e-04  phys 5.7969e-03  val 2.2166e-04  lr 1.0e-03
  epoch 10200  loss 4.9008e-04  data 2.1049e-04  phys 5.5918e-03  val 1.9989e-04  lr 1.0e-03
  epoch 10400  loss 4.3440e-04  data 2.3301e-04  phys 4.0277e-03  val 2.0177e-04  lr 1.0e-03
  epoch 10600  loss 4.7860e-04  data 2.3955e-04  phys 4.7810e-03  val 2.1853e-04  lr 1.0e-03
  epoch 10800  loss 6.0847e-04  data 3.1601e-04  phys 5.8491e-03  val 1.9803e-04  lr 1.0e-03
  epoch 11000  loss 4.0726e-04  data 1.7262e-04  phys 4.6929e-03  val 1.9762e-04  lr 1.0e-03
  epoch 11200  loss 4.6861e-04  data 1.9885e-04  phys 5.3953e-03  val 1.7416e-04  lr 1.0e-03
  epoch 11400  loss 4.1636e-04  data 1.8691e-04  phys 4.5889e-03  val 1.9852e-04  lr 1.0e-03
  epoch 11600  loss 4.9850e-04  data 2.2797e-04  phys 5.4105e-03  val 1.7892e-04  lr 1.0e-03
  epoch 11800  loss 4.5395e-04  data 2.3918e-04  phys 4.2955e-03  val 1.9051e-04  lr 1.0e-03
  epoch 12000  loss 4.6839e-04  data 2.2720e-04  phys 4.8239e-03  val 2.0979e-04  lr 1.0e-03
  epoch 12200  loss 3.3834e-04  data 1.6775e-04  phys 3.4119e-03  val 1.6880e-04  lr 1.0e-03
  epoch 12400  loss 3.7888e-04  data 1.9382e-04  phys 3.7012e-03  val 1.7506e-04  lr 1.0e-03
  epoch 12600  loss 3.8264e-04  data 2.2102e-04  phys 3.2325e-03  val 1.7287e-04  lr 1.0e-03
  epoch 12800  loss 4.2272e-04  data 2.1282e-04  phys 4.1981e-03  val 2.0918e-04  lr 1.0e-03
  epoch 13000  loss 3.3462e-04  data 1.6135e-04  phys 3.4655e-03  val 1.6595e-04  lr 1.0e-03
  epoch 13200  loss 3.8804e-04  data 2.2710e-04  phys 3.2188e-03  val 1.8900e-04  lr 1.0e-03
  epoch 13400  loss 4.2501e-04  data 1.9360e-04  phys 4.6282e-03  val 1.5898e-04  lr 1.0e-03
  epoch 13600  loss 3.7022e-04  data 1.6509e-04  phys 4.1027e-03  val 1.6665e-04  lr 1.0e-03
  epoch 13800  loss 3.5664e-04  data 1.6992e-04  phys 3.7343e-03  val 1.7402e-04  lr 1.0e-03
  epoch 14000  loss 4.0507e-04  data 1.7304e-04  phys 4.6406e-03  val 1.7494e-04  lr 1.0e-03
  epoch 14200  loss 3.1930e-04  data 1.5476e-04  phys 3.2907e-03  val 1.7021e-04  lr 1.0e-03
  epoch 14400  loss 3.8280e-04  data 1.5335e-04  phys 4.5890e-03  val 1.6275e-04  lr 1.0e-03
  epoch 14600  loss 4.0095e-04  data 2.1655e-04  phys 3.6881e-03  val 1.6615e-04  lr 1.0e-03
  epoch 14800  loss 4.0917e-04  data 1.7062e-04  phys 4.7710e-03  val 1.8219e-04  lr 1.0e-03
  epoch 15000  loss 5.0828e-04  data 1.9224e-04  phys 6.3210e-03  val 1.7582e-04  lr 1.0e-03
  epoch 15200  loss 3.0417e-04  data 1.5425e-04  phys 2.9982e-03  val 1.6797e-04  lr 1.0e-03
  epoch 15400  loss 3.8524e-04  data 1.5705e-04  phys 4.5638e-03  val 1.7236e-04  lr 1.0e-03
  epoch 15600  loss 3.9032e-04  data 1.6426e-04  phys 4.5211e-03  val 1.7481e-04  lr 1.0e-03
  epoch 15800  loss 4.1674e-04  data 1.6095e-04  phys 5.1156e-03  val 1.7639e-04  lr 1.0e-03
  epoch 16000  loss 3.9095e-04  data 1.6840e-04  phys 4.4510e-03  val 1.6404e-04  lr 1.0e-03
  epoch 16200  loss 3.9889e-04  data 1.5683e-04  phys 4.8412e-03  val 1.6592e-04  lr 1.0e-03
  epoch 16400  loss 4.3689e-04  data 1.6692e-04  phys 5.3995e-03  val 1.5742e-04  lr 1.0e-03
  epoch 16600  loss 3.1064e-04  data 1.8338e-04  phys 2.5452e-03  val 1.4694e-04  lr 1.0e-03
  epoch 16800  loss 3.6766e-04  data 1.8074e-04  phys 3.7384e-03  val 1.3598e-04  lr 1.0e-03
  epoch 17000  loss 3.6811e-04  data 1.9309e-04  phys 3.5004e-03  val 1.6727e-04  lr 1.0e-03
  epoch 17200  loss 4.5788e-04  data 1.7339e-04  phys 5.6898e-03  val 1.7308e-04  lr 1.0e-03
  epoch 17400  loss 3.1870e-04  data 1.6798e-04  phys 3.0145e-03  val 1.4552e-04  lr 1.0e-03
  epoch 17600  loss 3.9636e-04  data 1.4877e-04  phys 4.9518e-03  val 1.3512e-04  lr 1.0e-03
  epoch 17800  loss 3.2521e-04  data 1.4928e-04  phys 3.5186e-03  val 1.4415e-04  lr 1.0e-03
  epoch 18000  loss 3.9015e-04  data 1.8117e-04  phys 4.1795e-03  val 1.6156e-04  lr 1.0e-03
  epoch 18200  loss 3.8751e-04  data 2.1799e-04  phys 3.3904e-03  val 1.6043e-04  lr 1.0e-03
  epoch 18400  loss 3.8316e-04  data 1.6221e-04  phys 4.4190e-03  val 1.4292e-04  lr 1.0e-03
  epoch 18600  loss 3.0913e-04  data 1.5403e-04  phys 3.1020e-03  val 1.4358e-04  lr 1.0e-03
  epoch 18800  loss 4.0849e-04  data 1.7264e-04  phys 4.7171e-03  val 1.4958e-04  lr 1.0e-03
  epoch 19000  loss 2.9316e-04  data 1.4378e-04  phys 2.9876e-03  val 1.2477e-04  lr 1.0e-03
  epoch 19200  loss 3.1472e-04  data 1.4551e-04  phys 3.3842e-03  val 1.4149e-04  lr 1.0e-03
  epoch 19400  loss 5.8415e-04  data 1.8564e-04  phys 7.9703e-03  val 1.8950e-04  lr 1.0e-03
  epoch 19600  loss 3.8257e-04  data 1.5370e-04  phys 4.5774e-03  val 1.5445e-04  lr 1.0e-03
  epoch 19800  loss 2.8547e-04  data 1.6085e-04  phys 2.4925e-03  val 1.4882e-04  lr 1.0e-03
  epoch 20000  loss 3.5815e-04  data 1.9290e-04  phys 3.3050e-03  val 1.5389e-04  lr 1.0e-03
  epoch 20200  loss 3.5678e-04  data 1.5009e-04  phys 4.1337e-03  val 1.5336e-04  lr 1.0e-03
  epoch 20400  loss 3.8734e-04  data 1.2970e-04  phys 5.1527e-03  val 1.4438e-04  lr 1.0e-03
  epoch 20600  loss 3.2967e-04  data 1.6480e-04  phys 3.2975e-03  val 1.5242e-04  lr 1.0e-03
  epoch 20800  loss 2.9538e-04  data 1.4875e-04  phys 2.9327e-03  val 1.4189e-04  lr 1.0e-03
  epoch 21000  loss 3.7933e-04  data 1.4364e-04  phys 4.7137e-03  val 1.4497e-04  lr 1.0e-03
  epoch 21200  loss 3.3998e-04  data 1.5887e-04  phys 3.6222e-03  val 1.1385e-04  lr 1.0e-03
  epoch 21400  loss 7.5291e-04  data 3.1166e-04  phys 8.8249e-03  val 2.4198e-04  lr 1.0e-03
  epoch 21600  loss 4.0157e-04  data 2.0177e-04  phys 3.9959e-03  val 1.7967e-04  lr 1.0e-03
  epoch 21800  loss 9.6634e-04  data 3.8165e-04  phys 1.1694e-02  val 4.0101e-04  lr 1.0e-03
  epoch 22000  loss 1.0095e-03  data 3.9563e-04  phys 1.2278e-02  val 4.4425e-04  lr 1.0e-03
  epoch 22200  loss 4.0285e-04  data 1.4240e-04  phys 5.2090e-03  val 1.5446e-04  lr 1.0e-03
  epoch 22400  loss 2.6083e-04  data 1.1975e-04  phys 2.8217e-03  val 1.1856e-04  lr 1.0e-03
  epoch 22600  loss 3.6022e-04  data 1.4278e-04  phys 4.3487e-03  val 1.2853e-04  lr 1.0e-03
  epoch 22800  loss 4.0843e-04  data 1.6908e-04  phys 4.7869e-03  val 1.4925e-04  lr 1.0e-03
  epoch 23000  loss 1.0543e-03  data 5.1614e-04  phys 1.0764e-02  val 5.2911e-04  lr 1.0e-03
  epoch 23200  loss 4.2098e-04  data 1.5678e-04  phys 5.2842e-03  val 1.4291e-04  lr 1.0e-03
  epoch 23400  loss 7.0619e-04  data 3.0036e-04  phys 8.1166e-03  val 2.9799e-04  lr 1.0e-03
  epoch 23600  loss 3.8648e-04  data 1.4831e-04  phys 4.7634e-03  val 1.5101e-04  lr 1.0e-03
  epoch 23800  loss 3.9462e-04  data 1.4093e-04  phys 5.0738e-03  val 1.6608e-04  lr 1.0e-03
  epoch 24000  loss 5.6890e-04  data 1.7341e-04  phys 7.9099e-03  val 1.7397e-04  lr 1.0e-03
  epoch 24200  loss 3.2230e-04  data 1.5890e-04  phys 3.2681e-03  val 1.4460e-04  lr 1.0e-03
  epoch 24400  loss 4.2413e-04  data 1.6671e-04  phys 5.1484e-03  val 1.4440e-04  lr 1.0e-03
  epoch 24600  loss 3.5382e-04  data 1.4164e-04  phys 4.2436e-03  val 1.3889e-04  lr 1.0e-03
  epoch 24800  loss 6.3729e-04  data 2.3636e-04  phys 8.0187e-03  val 2.0403e-04  lr 1.0e-03
  epoch 25000  loss 9.7316e+08  data 2.2733e-04  phys 1.9463e+10  val 2.7349e-04  lr 1.0e-03
  polish     0  loss 7.147500e-04  val 2.391528e-04
  polish    10  loss 4.895577e-04  val 1.779365e-04
  polish    20  loss 3.617540e-04  val 1.573379e-04
  polish    30  loss 2.948752e-04  val 1.363304e-04
  polish    40  loss 2.623826e-04  val 1.227785e-04
  polish    50  loss 2.458218e-04  val 1.189681e-04
  polish    60  loss 2.381010e-04  val 1.155877e-04
  polish    70  loss 2.258368e-04  val 1.125805e-04
  polish    80  loss 2.154235e-04  val 1.092311e-04
  polish    90  loss 2.065153e-04  val 1.080689e-04
  polish   100  loss 2.029161e-04  val 1.075460e-04
  polish   110  loss 1.946184e-04  val 1.043194e-04
  polish   120  loss 1.878515e-04  val 1.020491e-04
  polish   130  loss 1.840487e-04  val 1.013264e-04
  polish   140  loss 1.817334e-04  val 1.032930e-04
  polish   150  loss 1.774056e-04  val 1.016479e-04
  polish   160  loss 1.734568e-04  val 1.012261e-04
  polish   170  loss 1.727138e-04  val 1.012046e-04
  polish   180  loss 1.727138e-04  val 1.012046e-04
  polish   190  loss 1.727138e-04  val 1.012046e-04
  polish   200  loss 1.727138e-04  val 1.012046e-04
  polish   210  loss 1.727138e-04  val 1.012046e-04
  polish   220  loss 1.727138e-04  val 1.012046e-04
  polish   230  loss 1.727138e-04  val 1.012046e-04
  polish   240  loss 1.727138e-04  val 1.012046e-04
  polish   250  loss 1.727138e-04  val 1.012046e-04
  polish   260  loss 1.727138e-04  val 1.012046e-04
  polish   270  loss 1.727138e-04  val 1.012046e-04
  polish   280  loss 1.727138e-04  val 1.012046e-04
  polish   290  loss 1.727138e-04  val 1.012046e-04
  polish   300  loss 1.727138e-04  val 1.012046e-04
  polish   310  loss 1.727138e-04  val 1.012046e-04
  polish   320  loss 1.727138e-04  val 1.012046e-04
  polish   330  loss 1.727138e-04  val 1.012046e-04
  polish   340  loss 1.727138e-04  val 1.012046e-04
  polish   350  loss 1.727138e-04  val 1.012046e-04
  polish   360  loss 1.727138e-04  val 1.012046e-04
  polish   370  loss 1.727138e-04  val 1.012046e-04
  polish   380  loss 1.727138e-04  val 1.012046e-04
  polish   390  loss 1.727138e-04  val 1.012046e-04
  polish   400  loss 1.727138e-04  val 1.012046e-04
  polish   410  loss 1.727138e-04  val 1.012046e-04
  polish   420  loss 1.727138e-04  val 1.012046e-04
  polish   430  loss 1.727138e-04  val 1.012046e-04
  polish   440  loss 1.727138e-04  val 1.012046e-04
  polish   450  loss 1.727138e-04  val 1.012046e-04
  polish   460  loss 1.727138e-04  val 1.012046e-04
  polish   470  loss 1.727138e-04  val 1.012046e-04
  polish   480  loss 1.727138e-04  val 1.012046e-04
  polish   490  loss 1.727138e-04  val 1.012046e-04
  polish   500  loss 1.727138e-04  val 1.012046e-04
  polish   510  loss 1.727138e-04  val 1.012046e-04
  polish   520  loss 1.727138e-04  val 1.012046e-04
  polish   530  loss 1.727138e-04  val 1.012046e-04
  polish   540  loss 1.727138e-04  val 1.012046e-04
  polish   550  loss 1.727138e-04  val 1.012046e-04
  polish   560  loss 1.727138e-04  val 1.012046e-04
  polish   570  loss 1.727138e-04  val 1.012046e-04
  polish   580  loss 1.727138e-04  val 1.012046e-04
  polish   590  loss 1.727138e-04  val 1.012046e-04
  polish   600  loss 1.727138e-04  val 1.012046e-04
  polish   610  loss 1.727138e-04  val 1.012046e-04
  polish   620  loss 1.727138e-04  val 1.012046e-04
  polish   630  loss 1.727138e-04  val 1.012046e-04
  polish   640  loss 1.727138e-04  val 1.012046e-04
  polish   650  loss 1.727138e-04  val 1.012046e-04
  polish   660  loss 1.727138e-04  val 1.012046e-04
  polish   670  loss 1.727138e-04  val 1.012046e-04
  polish   680  loss 1.727138e-04  val 1.012046e-04
  polish   690  loss 1.727138e-04  val 1.012046e-04
  polish   700  loss 1.727138e-04  val 1.012046e-04
  polish   710  loss 1.727138e-04  val 1.012046e-04
  polish   720  loss 1.727138e-04  val 1.012046e-04
  polish   730  loss 1.727138e-04  val 1.012046e-04
  polish   740  loss 1.727138e-04  val 1.012046e-04
  polish   750  loss 1.727138e-04  val 1.012046e-04
  polish   760  loss 1.727138e-04  val 1.012046e-04
  polish   770  loss 1.727138e-04  val 1.012046e-04
  polish   780  loss 1.727138e-04  val 1.012046e-04
  polish   790  loss 1.727138e-04  val 1.012046e-04
  polish   800  loss 1.727138e-04  val 1.012046e-04
  polish   810  loss 1.727138e-04  val 1.012046e-04
  polish   820  loss 1.727138e-04  val 1.012046e-04
  polish   830  loss 1.727138e-04  val 1.012046e-04
  polish   840  loss 1.727138e-04  val 1.012046e-04
  polish   850  loss 1.727138e-04  val 1.012046e-04
  polish   860  loss 1.727138e-04  val 1.012046e-04
  polish   870  loss 1.727138e-04  val 1.012046e-04
  polish   880  loss 1.727138e-04  val 1.012046e-04
  polish   890  loss 1.727138e-04  val 1.012046e-04